Script started on 2022-09-11 01:07:42-04:00

1) Make a directory A1 under your home directory and change to it.
[vivian@sjsu ~]$ mkdir A1
[vivian@sjsu ~]$ cd A1

2) What is your home directory path?  /home/vivian
How did you find out (commands used)? echo $HOME
[vivian@sjsu A1]$ echo $HOME
/home/vivian

3) What is your UID?  1036
To what group(s) do you belong?  vivian
How did you find out (command used)? groups
[vivian@sjsu A1]$ echo $UID
1036
[vivian@sjsu A1]$ groups
vivian


4) Create a new directory "temp". Now remove execute permission for yourself
    from this temp directory (see chmod man page), 
   are you allowed to cd in that directory? No
   Can you "ls" it?   Yes
   Can you "ls -l" it? Yes
   Can you create files under it? No

[vivian@sjsu A1]$ mkdir temp
[vivian@sjsu A1]$ ls -latr
total 12
drwx------ 8 vivian vivian 28672 Sep 11 01:08 ..
drwxrwxr-x 2 vivian vivian     6 Sep 11 01:09 temp
drwxrwxr-x 3 vivian vivian    18 Sep 11 01:09 .
[vivian@sjsu A1]$ chmod 675 temp
[vivian@sjsu A1]$ ls -latr
total 12
drwx------ 8 vivian vivian 28672 Sep 11 01:08 ..
drw-rwxr-x 2 vivian vivian     6 Sep 11 01:09 temp
drwxrwxr-x 3 vivian vivian    18 Sep 11 01:09 .

[vivian@sjsu A1]$ cd temp
bash: cd: temp: Permission denied
[vivian@sjsu A1]$ ls temp
[vivian@sjsu A1]$ ls -l temp
total 0
[vivian@sjsu A1]$ touch temp/newfile
touch: cannot touch 'temp/newfile': Permission denied


5) Create a new directory "temp2". 
 Are you allowed to "mv" the directory to "temp3"?  Yes
Are you allowed to "cp" a directory?  No
If you want to cp an entire directory, how would you do it?  Specify -r option
[vivian@sjsu A1]$ mkdir temp2
 [vivian@sjsu A1]$ mv temp2 temp3
[vivian@sjsu A1]$ ls -latr
total 12
drwx------ 8 vivian vivian 28672 Sep 11 01:08 ..
drw-rwxr-x 2 vivian vivian     6 Sep 11 01:09 temp
drwxrwxr-x 2 vivian vivian     6 Sep 11 01:11 temp3
drwxrwxr-x 4 vivian vivian    31 Sep 11 01:11 .
[vivian@sjsu A1]$ cp temp3 temp3_cp
cp: -r not specified; omitting directory 'temp3'
[vivian@sjsu A1]$ cp -r temp3 temp3_cp


6) Using only "ls" (and maybe "grep"), can you find out which file under
    directory /proc/ contains information about memory (mem) on your
    server? Yes. meminfo 
    Which file contains information about the cpu's on your server? cpuinfo
[vivian@sjsu A1]$ ls /proc/ | grep "mem"
iomem
meminfo
[vivian@sjsu A1]$ ls /proc/ | grep "cpu"
cpuinfo

7) Use head to check the memory information file you found above.
    How much total memory is on your server?  73080640 kB

[vivian@sjsu A1]$ head -n 5 /proc/meminfo
MemTotal:       73080640 kB
MemFree:         1014784 kB
MemAvailable:   62028800 kB
Buffers:            4224 kB
Cached:         62150976 kB



8) Then use head, tail, cat to check the cpu information file you found above.
    How many processors are on your server? 256
    What is the processor architecture name? POWER8
    What is the processor speed in GHz? 3.525GHZ

[vivian@sjsu A1]$ head -n 5 /proc/cpuinfo
processor	: 0
cpu		: POWER8 (architected), altivec supported
clock		: 3525.000000MHz
revision	: 2.1 (pvr 004b 0201)

[vivian@sjsu A1]$ tail -15 /proc/cpuinfo
processor	: 254
cpu		: POWER8 (architected), altivec supported
clock		: 3525.000000MHz
revision	: 2.1 (pvr 004b 0201)

processor	: 255
cpu		: POWER8 (architected), altivec supported
clock		: 3525.000000MHz
revision	: 2.1 (pvr 004b 0201)

timebase	: 512000000
platform	: pSeries
model		: IBM,8286-42A
machine		: CHRP IBM,8286-42A
MMU		: Hash



9)  Copy this hashtags twitter file from this location to your A1 directory: 
/home/test/A1/downloaded_hashtags_extend.csv
What is the size in GB (GigaBytes) of the hashtags tweet dataset? 0.0078GB
How many lines does it have? 110350 lines

[vivian@sjsu A1]$ cp /home/test/A1/downloaded_hashtags_extend.csv .
[vivian@sjsu A1]$ ls -latr
total 7652
drwx------ 8 vivian vivian   28672 Sep 11 01:08 ..
drw-rwxr-x 2 vivian vivian       6 Sep 11 01:09 temp
drwxrwxr-x 2 vivian vivian       6 Sep 11 01:11 temp3
drwxrwxr-x 2 vivian vivian       6 Sep 11 01:13 temp3_cp
-rw-r--r-- 1 vivian vivian 7822180 Sep 11 01:19 downloaded_hashtags_extend.csv
drwxrwxr-x 5 vivian vivian      85 Sep 11 01:19 .

[vivian@sjsu A1]$ ls -latrh
total 7.5M
drwx------ 8 vivian vivian  28K Sep 11 01:08 ..
drw-rwxr-x 2 vivian vivian    6 Sep 11 01:09 temp
drwxrwxr-x 2 vivian vivian    6 Sep 11 01:11 temp3
drwxrwxr-x 2 vivian vivian    6 Sep 11 01:13 temp3_cp
-rw-r--r-- 1 vivian vivian 7.5M Sep 11 01:19 downloaded_hashtags_extend.csv
drwxrwxr-x 5 vivian vivian   85 Sep 11 01:19 .
[vivian@sjsu A1]$ wc -l downloaded_hashtags_extend.csv 
110350 downloaded_hashtags_extend.csv
[vivian@sjsu A1]$ 



10) Search in the Tweets hashtags file for the case-insensitive
    word "great" (i.e. "Great" or "GREAT" also count). How many hashtags
    contain this word? 57
     You can use grep (case-insensitive) and wc.

[vivian@sjsu A1]$ grep -i "great" downloaded_hashtags_extend.csv | wc -l
57

11) Now use the file command to check the character encoding of the dataset. 
What character encoding does it have? UTF-8 Unicode text

[vivian@sjsu A1]$ file downloaded_hashtags_extend.csv 
downloaded_hashtags_extend.csv: UTF-8 Unicode text

12) Now use the iconv (or another) command to convert the tweet file to ascii character encoding. 
Search to read about ascii vs non-ascii encodings.
[vivian@sjsu A1]$ iconv -f UTF-8 -t ASCII//TRANSLIT downloaded_hashtags_extend.csv > ascii_conversion.csv
[vivian@sjsu A1]$ file ascii_conversion.csv 
ascii_conversion.csv: ASCII text


[vivian@sjsu A1]$ ls -latr
total 15268
drwx------ 8 vivian vivian   28672 Sep 11 01:08 ..
drw-rwxr-x 2 vivian vivian       6 Sep 11 01:09 temp
drwxrwxr-x 2 vivian vivian       6 Sep 11 01:11 temp3
drwxrwxr-x 2 vivian vivian       6 Sep 11 01:13 temp3_cp
-rw-r--r-- 1 vivian vivian 7822180 Sep 11 01:19 downloaded_hashtags_extend.csv
drwxrwxr-x 5 vivian vivian     113 Sep 11 01:28 .
-rw-rw-r-- 1 vivian vivian 7797170 Sep 11 01:28 ascii_conversion.csv
[vivian@sjsu A1]$ 


13) Check the column names in the hashtags file with the head command.

[vivian@sjsu A1]$ head -n 2 downloaded_hashtags_extend.csv 
author,hashtags,date,id
308045021,awesomepeopleontwitter,2022-04-30 23:18:45+00:00,1520543208614334465
[vivian@sjsu A1]$ 


How many unique users tweeted hashtags in the hashtags file (user IDs are in the first column)? 176

[vivian@sjsu A1]$ awk -F"," 'NR>1 {print $1}' downloaded_hashtags_extend.csv | sort | uniq | wc -l 
176

How many unique tweets were tweeted in this file (tweet IDs are in the last column)? 64697

[vivian@sjsu A1]$ awk -F"," 'NR>1 {print $4}' downloaded_hashtags_extend.csv | sort | uniq | wc -l 
64697

How many unique hashtags (second column) were tweeted in this file? 20258
Is it the same as the number of tweets or more or less? Less

[vivian@sjsu A1]$ awk -F"," 'NR>1 {print $2}' downloaded_hashtags_extend.csv | sort | uniq | wc -l 
20258

[vivian@sjsu A1]$ exit

Script done on 2022-09-11 01:47:02-04:00
